// Jest Snapshot v1, https://goo.gl/fbAQLP

exports[`globToTree / treeToGlob 1`] = `
{
  "00020_1章.txt": "00020_1章.txt",
  "00020_2章/": null,
  "00020_3章/": {
    "3章 10話.txt": "3章 10話.txt",
    "3章 11話.txt": "3章 11話.txt",
    "3章 12話.txt": "3章 12話.txt",
    "3章 13話.txt": "3章 13話.txt",
    "3章 14話.txt": "3章 14話.txt",
    "3章 15.5話 特別閑話.txt": "3章 15.5話 特別閑話.txt",
    "3章 15話.txt": "3章 15話.txt",
    "3章 16話.txt": "3章 16話.txt",
    "3章 17話.txt": "3章 17話.txt",
    "3章 8話.txt": "3章 8話.txt",
    "3章 9話/": {
      "3章 9話file.txt": "3章 9話file.txt",
    },
  },
}
`;

exports[`globToTree / treeToGlob 2`] = `
{
  "00020_1章.txt": "00020_1章.txt",
  "00020_2章/": null,
  "00020_3章/": {
    "3章 10話.txt": "3章 10話.txt",
    "3章 11話.txt": "3章 11話.txt",
    "3章 12話.txt": "3章 12話.txt",
    "3章 13話.txt": "3章 13話.txt",
    "3章 14話.txt": "3章 14話.txt",
    "3章 15.5話 特別閑話.txt": "3章 15.5話 特別閑話.txt",
    "3章 15話.txt": "3章 15話.txt",
    "3章 16話.txt": "3章 16話.txt",
    "3章 17話.txt": "3章 17話.txt",
    "3章 8話.txt": "3章 8話.txt",
    "3章 9話/": {
      "3章 9話file.txt": "3章 9話file.txt",
    },
  },
}
`;

exports[`globToTree / treeToGlob 3`] = `
[
  "00020_1章.txt",
  "00020_2章/",
  "00020_3章/3章 8話.txt",
  "00020_3章/3章 9話/3章 9話file.txt",
  "00020_3章/3章 10話.txt",
  "00020_3章/3章 11話.txt",
  "00020_3章/3章 12話.txt",
  "00020_3章/3章 13話.txt",
  "00020_3章/3章 14話.txt",
  "00020_3章/3章 15話.txt",
  "00020_3章/3章 15.5話 特別閑話.txt",
  "00020_3章/3章 16話.txt",
  "00020_3章/3章 17話.txt",
]
`;
