// Jest Snapshot v1, https://goo.gl/fbAQLP

exports[`no empty [
  'packages/@yarn-tool/ws-changed/lib/',
  'packages/@yarn-tool/ws-changed/',
  'packages/ws-pkg-list/lib/',
  'packages/@yarn-tool/find-root/'
] 1`] = `
[
  "packages/@yarn-tool/find-root/",
  "packages/@yarn-tool/ws-changed/",
  "packages/@yarn-tool/ws-changed/lib/",
  "packages/ws-pkg-list/lib/",
]
`;
