// Jest Snapshot v1, https://goo.gl/fbAQLP

exports[`no empty [
  'packages/@yarn-tool/ws-changed/lib/',
  'packages/@yarn-tool/ws-changed/',
  'packages/ws-pkg-list/lib/',
  'packages/@yarn-tool/find-root/'
] 1`] = `
{
  "packages/": {
    "@yarn-tool/": {
      "find-root/": {
        Symbol(@lazy-glob/sort-tree): true,
      },
      "ws-changed/": {
        "lib/": {
          Symbol(@lazy-glob/sort-tree): true,
        },
        Symbol(@lazy-glob/sort-tree): true,
      },
    },
    "ws-pkg-list/": {
      "lib/": {
        Symbol(@lazy-glob/sort-tree): true,
      },
    },
  },
}
`;

exports[`no empty [
  'packages/@yarn-tool/ws-changed/lib/',
  'packages/@yarn-tool/ws-changed/',
  'packages/ws-pkg-list/lib/',
  'packages/@yarn-tool/find-root/'
] 2`] = `
[
  [
    "packages/",
    {
      "@yarn-tool/": {
        "find-root/": {
          Symbol(@lazy-glob/sort-tree): true,
        },
        "ws-changed/": {
          "lib/": {
            Symbol(@lazy-glob/sort-tree): true,
          },
          Symbol(@lazy-glob/sort-tree): true,
        },
      },
      "ws-pkg-list/": {
        "lib/": {
          Symbol(@lazy-glob/sort-tree): true,
        },
      },
    },
  ],
]
`;

exports[`no empty [
  'packages/@yarn-tool/ws-changed/lib/',
  'packages/@yarn-tool/ws-changed/',
  'packages/ws-pkg-list/lib/',
  'packages/@yarn-tool/find-root/'
] 3`] = `
[
  [
    "packages/",
    [
      [
        "@yarn-tool/",
        [
          [
            "find-root/",
            [],
            true,
          ],
          [
            "ws-changed/",
            [
              [
                "lib/",
                [],
                true,
              ],
            ],
            true,
          ],
        ],
        undefined,
      ],
      [
        "ws-pkg-list/",
        [
          [
            "lib/",
            [],
            true,
          ],
        ],
        undefined,
      ],
    ],
    undefined,
  ],
]
`;
